[INFO] [1774342970.205822115] [UnityEndpoint]: Starting server on 0.0.0.0:10000
[INFO] [1774342971.171697737] [UnityEndpoint]: Connection from 127.0.0.1
[INFO] [1774342971.289398436] [UnityEndpoint]: RegisterPublisher(/clock, <class 'rosgraph_msgs.msg._clock.Clock'>) OK
[INFO] [1774342971.304553044] [UnityEndpoint]: RegisterSubscriber(/simulator_msg/simulator_command, <class 'simulator_messages.msg._simulator_command.SimulatorCommand'>) OK
[INFO] [1774342971.305741286] [UnityEndpoint]: RegisterPublisher(/simulator_msg/simulator_command/untiy, <class 'std_msgs.msg._string.String'>) OK
[INFO] [1774342971.306703082] [UnityEndpoint]: RegisterPublisher(/simulator_msg/task, <class 'std_msgs.msg._string.String'>) OK
[INFO] [1774342971.404672719] [UnityEndpoint]: RegisterPublisher(/simulator_msg/camera/color/image_raw, <class 'sensor_msgs.msg._image.Image'>) OK
[INFO] [1774342971.405767569] [UnityEndpoint]: RegisterPublisher(/simulator_msg/camera/depth/image_raw, <class 'sensor_msgs.msg._image.Image'>) OK
[INFO] [1774342971.423479209] [UnityEndpoint]: RegisterPublisher(/tf, <class 'tf2_msgs.msg._tf_message.TFMessage'>) OK
[INFO] [1774342971.425052619] [UnityEndpoint]: RegisterPublisher(/simulator_msg/camera/color/camera_info, <class 'sensor_msgs.msg._camera_info.CameraInfo'>) OK
[INFO] [1774342971.426240008] [UnityEndpoint]: RegisterPublisher(/simulator_msg/camera/depth/camera_info, <class 'sensor_msgs.msg._camera_info.CameraInfo'>) OK
[INFO] [1774342971.427399556] [UnityEndpoint]: RegisterPublisher(/simulator_msg/imu, <class 'sensor_msgs.msg._imu.Imu'>) OK
[INFO] [1774342971.432356377] [UnityEndpoint]: RegisterPublisher(/simulator_msg/odom, <class 'nav_msgs.msg._odometry.Odometry'>) OK
[ERROR] [1774343173.518432590] [UnityEndpoint]: Exception: No more data available
[INFO] [1774343173.519379814] [UnityEndpoint]: Disconnected from 127.0.0.1
[INFO] [1774343174.212133253] [UnityEndpoint]: Connection from 127.0.0.1
[WARN] [1774343174.326932492] [rcl.logging_rosout]: Publisher already registered for provided node name. If this is due to multiple nodes with the same name then all logs for that logger name will go out over the existing publisher. As soon as any node with that name is destructed it will unregister the publisher, preventing any further logs for that name from being published on the rosout topic.
[INFO] [1774343174.338729020] [UnityEndpoint]: RegisterPublisher(/clock, <class 'rosgraph_msgs.msg._clock.Clock'>) OK
[WARN] [1774343174.338907388] [rcl.logging_rosout]: Publisher already registered for provided node name. If this is due to multiple nodes with the same name then all logs for that logger name will go out over the existing publisher. As soon as any node with that name is destructed it will unregister the publisher, preventing any further logs for that name from being published on the rosout topic.
[INFO] [1774343174.348312383] [UnityEndpoint]: RegisterSubscriber(/simulator_msg/simulator_command, <class 'simulator_messages.msg._simulator_command.SimulatorCommand'>) OK
[WARN] [1774343174.348492122] [rcl.logging_rosout]: Publisher already registered for provided node name. If this is due to multiple nodes with the same name then all logs for that logger name will go out over the existing publisher. As soon as any node with that name is destructed it will unregister the publisher, preventing any further logs for that name from being published on the rosout topic.
[INFO] [1774343175.365487670] [UnityEndpoint]: RegisterPublisher(/simulator_msg/simulator_command/untiy, <class 'std_msgs.msg._string.String'>) OK
[WARN] [1774343175.365826193] [rcl.logging_rosout]: Publisher already registered for provided node name. If this is due to multiple nodes with the same name then all logs for that logger name will go out over the existing publisher. As soon as any node with that name is destructed it will unregister the publisher, preventing any further logs for that name from being published on the rosout topic.
[INFO] [1774343176.383683508] [UnityEndpoint]: RegisterPublisher(/simulator_msg/task, <class 'std_msgs.msg._string.String'>) OK
[WARN] [1774343176.384007296] [rcl.logging_rosout]: Publisher already registered for provided node name. If this is due to multiple nodes with the same name then all logs for that logger name will go out over the existing publisher. As soon as any node with that name is destructed it will unregister the publisher, preventing any further logs for that name from being published on the rosout topic.
[INFO] [1774343177.225638591] [UnityEndpoint]: RegisterPublisher(/simulator_msg/camera/color/image_raw, <class 'sensor_msgs.msg._image.Image'>) OK
[WARN] [1774343177.225861742] [rcl.logging_rosout]: Publisher already registered for provided node name. If this is due to multiple nodes with the same name then all logs for that logger name will go out over the existing publisher. As soon as any node with that name is destructed it will unregister the publisher, preventing any further logs for that name from being published on the rosout topic.
[INFO] [1774343177.230993099] [UnityEndpoint]: RegisterPublisher(/simulator_msg/camera/depth/image_raw, <class 'sensor_msgs.msg._image.Image'>) OK
[WARN] [1774343177.231303956] [rcl.logging_rosout]: Publisher already registered for provided node name. If this is due to multiple nodes with the same name then all logs for that logger name will go out over the existing publisher. As soon as any node with that name is destructed it will unregister the publisher, preventing any further logs for that name from being published on the rosout topic.
[INFO] [1774343177.234576798] [UnityEndpoint]: RegisterPublisher(/tf, <class 'tf2_msgs.msg._tf_message.TFMessage'>) OK
[WARN] [1774343177.234800068] [rcl.logging_rosout]: Publisher already registered for provided node name. If this is due to multiple nodes with the same name then all logs for that logger name will go out over the existing publisher. As soon as any node with that name is destructed it will unregister the publisher, preventing any further logs for that name from being published on the rosout topic.
[INFO] [1774343177.238332700] [UnityEndpoint]: RegisterPublisher(/simulator_msg/camera/color/camera_info, <class 'sensor_msgs.msg._camera_info.CameraInfo'>) OK
[WARN] [1774343177.238642564] [rcl.logging_rosout]: Publisher already registered for provided node name. If this is due to multiple nodes with the same name then all logs for that logger name will go out over the existing publisher. As soon as any node with that name is destructed it will unregister the publisher, preventing any further logs for that name from being published on the rosout topic.
[INFO] [1774343177.242389391] [UnityEndpoint]: RegisterPublisher(/simulator_msg/camera/depth/camera_info, <class 'sensor_msgs.msg._camera_info.CameraInfo'>) OK
[WARN] [1774343177.242579244] [rcl.logging_rosout]: Publisher already registered for provided node name. If this is due to multiple nodes with the same name then all logs for that logger name will go out over the existing publisher. As soon as any node with that name is destructed it will unregister the publisher, preventing any further logs for that name from being published on the rosout topic.
[INFO] [1774343177.245231265] [UnityEndpoint]: RegisterPublisher(/simulator_msg/imu, <class 'sensor_msgs.msg._imu.Imu'>) OK
[WARN] [1774343177.245369709] [rcl.logging_rosout]: Publisher already registered for provided node name. If this is due to multiple nodes with the same name then all logs for that logger name will go out over the existing publisher. As soon as any node with that name is destructed it will unregister the publisher, preventing any further logs for that name from being published on the rosout topic.
[INFO] [1774343177.248737225] [UnityEndpoint]: RegisterPublisher(/simulator_msg/odom, <class 'nav_msgs.msg._odometry.Odometry'>) OK
[INFO] [1774343197.543778565] [UnityEndpoint]: Disconnected from 127.0.0.1
